// Jest Snapshot v1, https://goo.gl/fbAQLP

exports[`renders correctly when there are no items 1`] = `
<div
  className="key-grid"
>
  <button
    className="button"
    onClick={[Function]}
    type="button"
  >
    AC
  </button>
  <button
    className="button"
    onClick={[Function]}
    type="button"
  >
    +/-
  </button>
  <button
    className="button"
    onClick={[Function]}
    type="button"
  >
    %
  </button>
  <button
    className="button button--orange"
    onClick={[Function]}
    type="button"
  >
    รท
  </button>
  <button
    className="button"
    onClick={[Function]}
    type="button"
  >
    7
  </button>
  <button
    className="button"
    onClick={[Function]}
    type="button"
  >
    8
  </button>
  <button
    className="button"
    onClick={[Function]}
    type="button"
  >
    9
  </button>
  <button
    className="button button--orange"
    onClick={[Function]}
    type="button"
  >
    x
  </button>
  <button
    className="button"
    onClick={[Function]}
    type="button"
  >
    4
  </button>
  <button
    className="button"
    onClick={[Function]}
    type="button"
  >
    5
  </button>
  <button
    className="button"
    onClick={[Function]}
    type="button"
  >
    6
  </button>
  <button
    className="button button--orange"
    onClick={[Function]}
    type="button"
  >
    -
  </button>
  <button
    className="button"
    onClick={[Function]}
    type="button"
  >
    1
  </button>
  <button
    className="button"
    onClick={[Function]}
    type="button"
  >
    2
  </button>
  <button
    className="button"
    onClick={[Function]}
    type="button"
  >
    3
  </button>
  <button
    className="button button--orange"
    onClick={[Function]}
    type="button"
  >
    +
  </button>
  <button
    className="button button--zero"
    onClick={[Function]}
    type="button"
  >
    0
  </button>
  <button
    className="button"
    onClick={[Function]}
    type="button"
  >
    .
  </button>
  <button
    className="button button--orange"
    onClick={[Function]}
    type="button"
  >
    =
  </button>
</div>
`;
