// Jest Snapshot v1, https://goo.gl/fbAQLP

exports[`renders correctly when there are no items 1`] = `
<section
  className="home"
>
  <h1
    className="home__title"
  >
    Welcome to our page!
  </h1>
  <div
    className="home__description"
  >
    <p>
      Lorem ipsum dolor, sit amet consectetur adipisicing elit. Quas itaque suscipit amet odio voluptate excepturi corrupti repellendus odit molestiae ullam rem porro facilis blanditiis quae animi, harum rerum totam reiciendis vero ad accusamus possimus. Quibusdam, voluptates! Soluta, suscipit quam. Iure, ex rem eveniet quaerat corporis cumque similique labore perspiciatis numquam.
    </p>
    <p>
      Lorem ipsum dolor, sit amet consectetur adipisicing elit. Quas itaque suscipit amet odio voluptate excepturi corrupti repellendus odit molestiae ullam rem porro facilis blanditiis quae animi, harum rerum totam reiciendis vero ad accusamus possimus. Quibusdam, voluptates! Soluta, suscipit quam. Iure, ex rem eveniet quaerat corporis cumque similique labore perspiciatis numquam.
    </p>
  </div>
</section>
`;
