// Jest Snapshot v1, https://goo.gl/fbAQLP

exports[`Components render correctly Layout component 1`] = `
Array [
  <header
    className="header"
  >
    <nav
      className="header__navbar"
    >
      <a
        className="header__title-link"
        href="/"
        onClick={[Function]}
      >
        <h1
          className="header__title"
        >
          Math Magicians
        </h1>
      </a>
      <ul
        className="header__nav-items"
      >
        <li
          className="header__nav-item"
        >
          <a
            aria-current="page"
            className="header__nav-link active"
            href="/"
            onClick={[Function]}
          >
            Home
          </a>
        </li>
        <li
          className="header__nav-item"
        >
          <a
            className="header__nav-link "
            href="/calculator"
            onClick={[Function]}
          >
            Calculator
          </a>
        </li>
        <li
          className="header__nav-item"
        >
          <a
            className="header__nav-link"
            href="/quote"
            onClick={[Function]}
          >
            Quotes
          </a>
        </li>
      </ul>
    </nav>
  </header>,
  <div
    className="container"
  />,
]
`;
